../Core/Src/main.c:62:6:RG_Color	16	static
../Core/Src/main.c:69:6:HAL_TIM_IC_CaptureCallback	16	static
../Core/Src/main.c:97:5:main	56	static
../Core/Src/main.c:170:6:SystemClock_Config	160	static
../Core/Src/main.c:220:13:MX_TIM2_Init	56	static
../Core/Src/main.c:278:13:MX_TIM3_Init	64	static
../Core/Src/main.c:341:13:MX_TIM4_Init	40	static
../Core/Src/main.c:386:13:MX_USART2_UART_Init	8	static
../Core/Src/main.c:421:13:MX_GPIO_Init	40	static
../Core/Src/main.c:456:6:Error_Handler	4	static,ignoring_inline_asm
